A51 MACRO ASSEMBLER  DATA_STORE                                                           10/07/2025 15:32:12 PAGE     1


MACRO ASSEMBLER A51 V8.2.7.0
OBJECT MODULE PLACED IN .\Objects\Data_Store.obj
ASSEMBLER INVOKED BY: C:\Keil_v5\C51\BIN\A51.EXE Data_Store.asm SET(SMALL) DEBUG PRINT(.\Listings\Data_Store.lst) OBJECT
                      (.\Objects\Data_Store.obj) EP

LOC  OBJ            LINE     SOURCE

0000 7856              1     mov r0, #56h
0002 7935              2     mov r1, #35h
0004 7A54              3     mov r2, #54h
0006 7B40              4     mov r3, #40h
0008 7C51              5     mov r4, #51h   ; we can write comment just by doing semicolon
000A 7D35              6     mov r5, #35h   ; By clicking double the output part we can see if there is any error at the
                              code in lightgreen color
000C 7E76              7     mov r6, #76h
000E 7F85              8     mov r7, #85h
                       9     end 
A51 MACRO ASSEMBLER  DATA_STORE                                                           10/07/2025 15:32:12 PAGE     2

SYMBOL TABLE LISTING
------ ----- -------


N A M E             T Y P E  V A L U E   ATTRIBUTES



REGISTER BANK(S) USED: 0 


ASSEMBLY COMPLETE.  0 WARNING(S), 0 ERROR(S)
