BL51 BANKED LINKER/LOCATER V6.22.4.0                                                    10/07/2025  15:32:12  PAGE 1


BL51 BANKED LINKER/LOCATER V6.22.4.0, INVOKED BY:
C:\KEIL_V5\C51\BIN\BL51.EXE .\Objects\Data_Store.obj TO .\Objects\Data_Store PRINT (.\Listings\Data_Store.m51)


INPUT MODULES INCLUDED:
  .\Objects\Data_Store.obj (DATA_STORE)


LINK MAP OF MODULE:  .\Objects\Data_Store (DATA_STORE)


            TYPE    BASE      LENGTH    RELOCATION   SEGMENT NAME
            -----------------------------------------------------

            * * * * * * *   D A T A   M E M O R Y   * * * * * * *
            REG     0000H     0008H     ABSOLUTE     "REG BANK 0"

            * * * * * * *   C O D E   M E M O R Y   * * * * * * *
            CODE    0000H     0010H     ABSOLUTE     



SYMBOL TABLE OF MODULE:  .\Objects\Data_Store (DATA_STORE)

  VALUE           TYPE          NAME
  ----------------------------------

  -------         MODULE        DATA_STORE
  C:0000H         LINE#         65533
  C:0002H         LINE#         2
  C:0004H         LINE#         3
  C:0006H         LINE#         4
  C:0008H         LINE#         5
  C:000AH         LINE#         6
  C:000CH         LINE#         7
  C:000EH         LINE#         8
  -------         ENDMOD        DATA_STORE

******************************************************************************
* RESTRICTED VERSION WITH 0800H BYTE CODE SIZE LIMIT; USED: 0010H BYTE ( 0%) *
******************************************************************************

Program Size: data=8.0 xdata=0 code=16
LINK/LOCATE RUN COMPLETE.  0 WARNING(S),  0 ERROR(S)
