BL51 BANKED LINKER/LOCATER V6.22.2.0                                                    10/15/2025  11:26:07  PAGE 1


BL51 BANKED LINKER/LOCATER V6.22.2.0, INVOKED BY:
C:\KEIL_V5\C51\BIN\BL51.EXE .\Objects\logical_operation.obj TO .\Objects\logical_operation PRINT (.\Listings\logical_ope
>> ration.m51)


INPUT MODULES INCLUDED:
  .\Objects\logical_operation.obj (LOGICAL_OPERATION)


LINK MAP OF MODULE:  .\Objects\logical_operation (LOGICAL_OPERATION)


            TYPE    BASE      LENGTH    RELOCATION   SEGMENT NAME
            -----------------------------------------------------

            * * * * * * *   D A T A   M E M O R Y   * * * * * * *
            REG     0000H     0008H     ABSOLUTE     "REG BANK 0"

            * * * * * * *   C O D E   M E M O R Y   * * * * * * *
            CODE    0000H     0016H     ABSOLUTE     



SYMBOL TABLE OF MODULE:  .\Objects\logical_operation (LOGICAL_OPERATION)

  VALUE           TYPE          NAME
  ----------------------------------

  -------         MODULE        LOGICAL_OPERATION
  C:0000H         LINE#         2
  C:0002H         LINE#         3
  C:0004H         LINE#         4
  C:0005H         LINE#         5
  C:0007H         LINE#         6
  C:0009H         LINE#         7
  C:000AH         LINE#         8
  C:000CH         LINE#         9
  C:000EH         LINE#         10
  C:000FH         LINE#         12
  C:0011H         LINE#         13
  C:0013H         LINE#         14
  C:0014H         LINE#         15
  -------         ENDMOD        LOGICAL_OPERATION

******************************************************************************
* RESTRICTED VERSION WITH 0800H BYTE CODE SIZE LIMIT; USED: 0016H BYTE ( 1%) *
******************************************************************************

Program Size: data=8.0 xdata=0 code=22
LINK/LOCATE RUN COMPLETE.  0 WARNING(S),  0 ERROR(S)
