BL51 BANKED LINKER/LOCATER V6.22.2.0                                                    10/15/2025  11:53:21  PAGE 1


BL51 BANKED LINKER/LOCATER V6.22.2.0, INVOKED BY:
C:\KEIL_V5\C51\BIN\BL51.EXE .\Objects\memory_allocation.obj TO .\Objects\memory_allocation PRINT (.\Listings\memory_allo
>> cation.m51)


INPUT MODULES INCLUDED:
  .\Objects\memory_allocation.obj (MEMORY_ALLOCATION)


LINK MAP OF MODULE:  .\Objects\memory_allocation (MEMORY_ALLOCATION)


            TYPE    BASE      LENGTH    RELOCATION   SEGMENT NAME
            -----------------------------------------------------

            * * * * * * *   D A T A   M E M O R Y   * * * * * * *
            REG     0000H     0008H     ABSOLUTE     "REG BANK 0"

            * * * * * * *   C O D E   M E M O R Y   * * * * * * *
            CODE    0000H     0008H     ABSOLUTE     



SYMBOL TABLE OF MODULE:  .\Objects\memory_allocation (MEMORY_ALLOCATION)

  VALUE           TYPE          NAME
  ----------------------------------

  -------         MODULE        MEMORY_ALLOCATION
  C:0000H         LINE#         65533
  C:0002H         LINE#         2
  C:0004H         LINE#         3
  C:0006H         LINE#         4
  -------         ENDMOD        MEMORY_ALLOCATION

******************************************************************************
* RESTRICTED VERSION WITH 0800H BYTE CODE SIZE LIMIT; USED: 0008H BYTE ( 0%) *
******************************************************************************

Program Size: data=8.0 xdata=0 code=8
LINK/LOCATE RUN COMPLETE.  0 WARNING(S),  0 ERROR(S)
