C51 COMPILER V9.60.0.0   LED                                                               10/29/2025 11:47:09 PAGE 1   


C51 COMPILER V9.60.0.0, COMPILATION OF MODULE LED
OBJECT MODULE PLACED IN .\Objects\LED.obj
COMPILER INVOKED BY: C:\Keil_v5\C51\BIN\C51.EXE LED.c OPTIMIZE(8,SPEED) BROWSE DEBUG OBJECTEXTEND PRINT(.\Listings\LED.l
                    -st) TABS(2) OBJECT(.\Objects\LED.obj)

line level    source

   1          //bytewise all the led together on and off
   2          //1 mili second delay function
   3          //Led  blinking bytewise
   4          
   5          #include <reg51.h>
   6          
   7          // delay function
   8          void delay(unsigned int count){
   9   1      unsigned int i;
  10   1         
  11   1      while(count){
  12   2        i=115;
  13   2        while(i>0)
  14   2          i--;
  15   2        count --;
  16   2       }
  17   1      }
  18          // using single bit
  19              sbit led1 = P2^0;
  20              sbit led2 = P2^1;
  21              sbit led3 = P2^2;
  22              sbit led4 = P2^3;
  23              sbit led5 = P2^4;
  24              sbit led6 = P2^5;
  25              sbit led7 = P2^6;
  26              sbit led8 = P2^7;
  27          
  28          void main(){
  29   1        P2 = 0x00;
  30   1        while(1){ // infinite loop
  31   2      //    P2 = 0x00; // 8bit  -> 0000 0000
  32   2      //    delay(1000); //1000 mili second delay
  33   2      //    P2 = 0xFF; // 8bit  -> 1111 1111
  34   2      //    delay(1000); //1000 mili second delay
  35   2          
  36   2          led1=1;
  37   2          led8=1;
  38   2          delay(50);
  39   2          led1=0;
  40   2          led8=0;
  41   2          delay(50);
  42   2          
  43   2          led2=1;
  44   2          led7=1;
  45   2          delay(50);
  46   2          led2=0;
  47   2          led7=0;
  48   2          delay(50);
  49   2          
  50   2          led3=1;
  51   2          led6=1;
  52   2          delay(50);
  53   2          led3=0;
  54   2          led6=0;
C51 COMPILER V9.60.0.0   LED                                                               10/29/2025 11:47:09 PAGE 2   

  55   2          delay(50);
  56   2          
  57   2          led4=1;
  58   2          led5=1;
  59   2          delay(50);
  60   2          led4=0;
  61   2          led5=0;
  62   2          delay(50);
  63   2          led6=1;
  64   2          led3=1;
  65   2          delay(50);
  66   2          led6=0;
  67   2          led3=0;
  68   2          delay(50);
  69   2          led7=1;
  70   2          led2=1;
  71   2          delay(50);
  72   2          led7=0;
  73   2          led2=0;
  74   2          delay(50);
  75   2          led8=1;
  76   2          led1=1;
  77   2          delay(50);
  78   2          led8=0;
  79   2          led1=0;
  80   2          delay(50);
  81   2          
  82   2          // return part
  83   2          
  84   2        }
  85   1      }
  86          


MODULE INFORMATION:   STATIC OVERLAYABLE
   CODE SIZE        =    133    ----
   CONSTANT SIZE    =   ----    ----
   XDATA SIZE       =   ----    ----
   PDATA SIZE       =   ----    ----
   DATA SIZE        =   ----    ----
   IDATA SIZE       =   ----    ----
   BIT SIZE         =   ----    ----
END OF MODULE INFORMATION.


C51 COMPILATION COMPLETE.  0 WARNING(S),  0 ERROR(S)
