BL51 BANKED LINKER/LOCATER V6.22.2.0                                                    10/15/2025  10:49:46  PAGE 1


BL51 BANKED LINKER/LOCATER V6.22.2.0, INVOKED BY:
C:\KEIL_V5\C51\BIN\BL51.EXE .\Objects\rotate_value.obj TO .\Objects\exchange_value PRINT (.\Listings\exchange_value.m51)
>> 


INPUT MODULES INCLUDED:
  .\Objects\rotate_value.obj (ROTATE_VALUE)


LINK MAP OF MODULE:  .\Objects\exchange_value (ROTATE_VALUE)


            TYPE    BASE      LENGTH    RELOCATION   SEGMENT NAME
            -----------------------------------------------------

            * * * * * * *   D A T A   M E M O R Y   * * * * * * *
            REG     0000H     0008H     ABSOLUTE     "REG BANK 0"

            * * * * * * *   C O D E   M E M O R Y   * * * * * * *
            CODE    0000H     000DH     ABSOLUTE     



SYMBOL TABLE OF MODULE:  .\Objects\exchange_value (ROTATE_VALUE)

  VALUE           TYPE          NAME
  ----------------------------------

  -------         MODULE        ROTATE_VALUE
  C:0000H         LINE#         2
  C:0002H         LINE#         3
  C:0004H         LINE#         4
  C:0006H         LINE#         5
  C:0008H         LINE#         6
  C:0009H         LINE#         7
  C:000AH         LINE#         8
  C:000BH         LINE#         9
  C:000CH         LINE#         10
  -------         ENDMOD        ROTATE_VALUE

******************************************************************************
* RESTRICTED VERSION WITH 0800H BYTE CODE SIZE LIMIT; USED: 000DH BYTE ( 0%) *
******************************************************************************

Program Size: data=8.0 xdata=0 code=13
LINK/LOCATE RUN COMPLETE.  0 WARNING(S),  0 ERROR(S)
