C51 COMPILER V9.60.7.0   STORE_VALUE                                                       10/07/2025 16:28:46 PAGE 1   


C51 COMPILER V9.60.7.0, COMPILATION OF MODULE STORE_VALUE
OBJECT MODULE PLACED IN .\Objects\Store_Value.obj
COMPILER INVOKED BY: C:\Keil_v5\C51\BIN\C51.EXE Store_Value.c OPTIMIZE(8,SPEED) BROWSE DEBUG OBJECTEXTEND PRINT(.\Listin
                    -gs\Store_Value.lst) TABS(2) OBJECT(.\Objects\Store_Value.obj)

line level    source

   1          # include<reg51.h>
   2          void main()
   3          {
   4   1      P0=0x55;
   5   1      
   6   1      }


MODULE INFORMATION:   STATIC OVERLAYABLE
   CODE SIZE        =      4    ----
   CONSTANT SIZE    =   ----    ----
   XDATA SIZE       =   ----    ----
   PDATA SIZE       =   ----    ----
   DATA SIZE        =   ----    ----
   IDATA SIZE       =   ----    ----
   BIT SIZE         =   ----    ----
END OF MODULE INFORMATION.


C51 COMPILATION COMPLETE.  0 WARNING(S),  0 ERROR(S)
