C51 COMPILER V9.60.0.0   TRAFFIC                                                           11/05/2025 11:27:40 PAGE 1   


C51 COMPILER V9.60.0.0, COMPILATION OF MODULE TRAFFIC
OBJECT MODULE PLACED IN .\Objects\traffic.obj
COMPILER INVOKED BY: C:\Keil_v5\C51\BIN\C51.EXE traffic.c OPTIMIZE(8,SPEED) BROWSE DEBUG OBJECTEXTEND PRINT(.\Listings\t
                    -raffic.lst) TABS(2) OBJECT(.\Objects\traffic.obj)

line level    source

   1          #include <reg51.h>
   2          
   3          // signal declaration
   4          sbit red = P1^0;
   5          sbit yellow = P1^1;
   6          sbit green = P1^2;
   7          
   8          //delay function
   9          void delay(unsigned int qoyta){
  10   1        unsigned int i;
  11   1        for(i=0;i<qoyta;i++);
  12   1      }
  13          
  14          void main(){
  15   1        //unsigned int i;
  16   1        red=yellow=green=0;
  17   1        
  18   1        while(1){
  19   2          // turn on red
  20   2          red = 1;
  21   2          delay(60000);
  22   2          delay(60000);
  23   2          //for(i=0;i<60000;i++); // more delay incase needed
  24   2          red = 0; // turn off red
  25   2          
  26   2          // yellow on
  27   2          yellow = 1;
  28   2          delay(40000);
  29   2          yellow = 0; // yellow off
  30   2          
  31   2          // green on
  32   2          green = 1; 
  33   2          delay(60000);
  34   2          green = 0;  // green off
  35   2        }
  36   1      }
  37          
  38          


MODULE INFORMATION:   STATIC OVERLAYABLE
   CODE SIZE        =     62    ----
   CONSTANT SIZE    =   ----    ----
   XDATA SIZE       =   ----    ----
   PDATA SIZE       =   ----    ----
   DATA SIZE        =   ----    ----
   IDATA SIZE       =   ----    ----
   BIT SIZE         =   ----    ----
END OF MODULE INFORMATION.


C51 COMPILATION COMPLETE.  0 WARNING(S),  0 ERROR(S)
