C51 COMPILER V9.60.0.0   SERIAL_COM                                                        11/19/2025 11:28:50 PAGE 1   


C51 COMPILER V9.60.0.0, COMPILATION OF MODULE SERIAL_COM
OBJECT MODULE PLACED IN .\Objects\serial_com.obj
COMPILER INVOKED BY: C:\Keil_v5\C51\BIN\C51.EXE serial_com.c OPTIMIZE(8,SPEED) BROWSE DEBUG OBJECTEXTEND PRINT(.\Listing
                    -s\serial_com.lst) TABS(2) OBJECT(.\Objects\serial_com.obj)

line level    source

   1          #include <reg51.h>
   2          
   3          void main()
   4          {
   5   1          // 1. Initialize Serial Control Register (SCON)
   6   1          // 0x50: Serial Port Mode 1 (8-bit UART, variable baud rate), REN=0
   7   1          SCON = 0x40;
   8   1          // 2. Initialize Timer/Counter Mode Control Register (TMOD)
   9   1          // 0x20: Timer 1 in Mode 2 (8-bit auto-reload) for baud rate generation
  10   1          TMOD = 0x20;
  11   1          // 3. Set Baud Rate (Assuming 11.0592 MHz crystal for 9600 baud)
  12   1          // 256 - (11059200 / (384 * 9600)) = 256 - 3 = 253 (0xFD)
  13   1          TH1 = -3;//0xFD; // This is the correct value for 9600 baud
  14   1          // 4. Start Timer 1
  15   1          TR1 = 1;
  16   1        while(TI == 0){
  17   2          SBUF = 'D';
  18   2          while(TI == 0);
  19   2          TI = 0;
  20   2        }
  21   1          
  22   1      }


MODULE INFORMATION:   STATIC OVERLAYABLE
   CODE SIZE        =     25    ----
   CONSTANT SIZE    =   ----    ----
   XDATA SIZE       =   ----    ----
   PDATA SIZE       =   ----    ----
   DATA SIZE        =   ----    ----
   IDATA SIZE       =   ----    ----
   BIT SIZE         =   ----    ----
END OF MODULE INFORMATION.


C51 COMPILATION COMPLETE.  0 WARNING(S),  0 ERROR(S)
