C51 COMPILER V9.60.0.0   STORE_DATA                                                        10/15/2025 10:25:55 PAGE 1   


C51 COMPILER V9.60.0.0, COMPILATION OF MODULE STORE_DATA
OBJECT MODULE PLACED IN .\Objects\store_data.obj
COMPILER INVOKED BY: C:\Keil_v5\C51\BIN\C51.EXE store_data.c OPTIMIZE(8,SPEED) BROWSE DEBUG OBJECTEXTEND PRINT(.\Listing
                    -s\store_data.lst) TABS(2) OBJECT(.\Objects\store_data.obj)

line level    source

   1          #include <reg51.h>
   2          
   3          void main(){
   4   1        P0 = 0x56;
   5   1        P1 = 0x55;
   6   1        P2 = 0x44;
   7   1        P3 = 0x32;
   8   1      }


MODULE INFORMATION:   STATIC OVERLAYABLE
   CODE SIZE        =     13    ----
   CONSTANT SIZE    =   ----    ----
   XDATA SIZE       =   ----    ----
   PDATA SIZE       =   ----    ----
   DATA SIZE        =   ----    ----
   IDATA SIZE       =   ----    ----
   BIT SIZE         =   ----    ----
END OF MODULE INFORMATION.


C51 COMPILATION COMPLETE.  0 WARNING(S),  0 ERROR(S)
